// Jest Snapshot v1, https://goo.gl/fbAQLP

exports[`RTMPPublisher tests should match with snapshot 1`] = `
<RTMPPublisher
  onBluetoothDeviceStatusChanged={[Function]}
  onConnectionFailed={[Function]}
  onConnectionStarted={[Function]}
  onConnectionSuccess={[Function]}
  onDisconnect={[Function]}
  onNewBitrateReceived={[Function]}
  onStreamStateChanged={[Function]}
  streamName="test-stream"
  streamURL="rtmp-test-stream"
  testID="publisher"
/>
`;
